// Vitest Snapshot v1, https://vitest.dev/guide/snapshot.html

exports[`UserListPage > should render correctly 1`] = `
<div>
  <h1
    class="text-2xl font-bold mb-4"
  >
    User List
  </h1>
  <p>
    This is the user management page.
  </p>
</div>
`;
